static-int.adsafeprotected.com
static.adsafeprotected.com
iepixel.adsafeprotected.com
dt.adsafeprotected.com

googleads.g.doubleclick.net
partnerad.l.doubleclick.net
cm.g.doubleclick.net
ad.doubleclick.net
dart.l.doubleclick.net

e15144.d.akamaiedge.net
e10883.g.akamaiedge.net
e8960.b.akamaiedge.net
e6603.g.akamaiedge.net
e8037.g.akamaiedge.net

nstrp.adform.net
track.adform.net

rtb.gumgum.com
usersync.gumgum.com

pagead2.googlesyndication.com
ade.googlesyndication.com



sync.outbrain.com
mv.outbrain.com
widgets.outbrain.com
nydc1.outbrain.org

mug.criteo.com
bidder.criteo.com
mug.par.vip.prod.criteo.com
gbc5.fr.eu.criteo.com
gbc6.fr.eu.criteo.com

ib.anycast.adnxs.com
acdn.adnxs.com

adalliance.profiles.tagger.opecloud.com
profiles.tagger.opecloud.com
tagger.opecloud.com

s.amazon-adsystem.com
c.amazon-adsystem.com
aax-eu.amazon-adsystem.com

adstax-match.adrtx.net
static.emsservice.de
mafo.adalliance.io
ad.yieldlab.net
pre.ads.justpremium.com
ad4m.at
pr-bh.ybp.yahoo.com
relay-client-c03.iocnt.net
outbrain.map.fastly.net
b6bcf669.de.ioam.de
tracking.adalliance.io
orbidder.otto.de
pixel-sync.sitescout.com
sync.tubemogul.com
ad.turn.com
adstax-cdn.adrtx.net
te.ip-prod.aws-cbc.cloud
p.vtracy.de
pixel-origin.mathtag.com
u.openx.net
b1sync.zemanta.com
ads.pubmatic.com
